make: Entering directory '/home/ubuntu/blog-sandbox'
j2lint golden-config/templates --extensions j2 -i jinja-statements-indentation single-statement-per-line
pytest tests/test_template_render.py tests/test_config_structure.py -v
============================= test session starts ==============================
platform linux -- Python 3.13.3, pytest-9.1.1, pluggy-1.6.0 -- /usr/bin/python3
cachedir: .pytest_cache
rootdir: /home/ubuntu/blog-sandbox
plugins: cov-4.1.0, anyio-4.14.2, typeguard-4.4.2
collecting ... collected 71 items

tests/test_template_render.py::test_template_renders_without_error[cisco_ios_route_reflector.yaml-cisco_ios] PASSED [  1%]
tests/test_template_render.py::test_template_renders_without_error[cisco_ios_pe_router.yaml-cisco_ios] PASSED [  2%]
tests/test_template_render.py::test_template_renders_without_error[cisco_ios_ce_router.yaml-cisco_ios] PASSED [  4%]
tests/test_template_render.py::test_template_renders_without_error[cisco_ios_p_router.yaml-cisco_ios] PASSED [  5%]
tests/test_template_render.py::test_template_renders_without_error[cisco_ios_border_router.yaml-cisco_ios] PASSED [  7%]
tests/test_template_render.py::test_template_renders_without_error[arista_eos_leaf.yaml-arista_eos] PASSED [  8%]
tests/test_template_render.py::test_template_renders_without_error[arista_eos_spine.yaml-arista_eos] PASSED [  9%]
tests/test_template_render.py::test_template_renders_without_error[arista_eos_gro_canary.yaml-arista_eos] PASSED [ 11%]
tests/test_template_render.py::test_no_unrendered_jinja_syntax[cisco_ios_route_reflector.yaml-cisco_ios] PASSED [ 12%]
tests/test_template_render.py::test_no_unrendered_jinja_syntax[cisco_ios_pe_router.yaml-cisco_ios] PASSED [ 14%]
tests/test_template_render.py::test_no_unrendered_jinja_syntax[cisco_ios_ce_router.yaml-cisco_ios] PASSED [ 15%]
tests/test_template_render.py::test_no_unrendered_jinja_syntax[cisco_ios_p_router.yaml-cisco_ios] PASSED [ 16%]
tests/test_template_render.py::test_no_unrendered_jinja_syntax[cisco_ios_border_router.yaml-cisco_ios] PASSED [ 18%]
tests/test_template_render.py::test_no_unrendered_jinja_syntax[arista_eos_leaf.yaml-arista_eos] PASSED [ 19%]
tests/test_template_render.py::test_no_unrendered_jinja_syntax[arista_eos_spine.yaml-arista_eos] PASSED [ 21%]
tests/test_template_render.py::test_no_unrendered_jinja_syntax[arista_eos_gro_canary.yaml-arista_eos] PASSED [ 22%]
tests/test_template_render.py::test_no_python_none_in_output[cisco_ios_route_reflector.yaml-cisco_ios] PASSED [ 23%]
tests/test_template_render.py::test_no_python_none_in_output[cisco_ios_pe_router.yaml-cisco_ios] PASSED [ 25%]
tests/test_template_render.py::test_no_python_none_in_output[cisco_ios_ce_router.yaml-cisco_ios] PASSED [ 26%]
tests/test_template_render.py::test_no_python_none_in_output[cisco_ios_p_router.yaml-cisco_ios] PASSED [ 28%]
tests/test_template_render.py::test_no_python_none_in_output[cisco_ios_border_router.yaml-cisco_ios] PASSED [ 29%]
tests/test_template_render.py::test_no_python_none_in_output[arista_eos_leaf.yaml-arista_eos] PASSED [ 30%]
tests/test_template_render.py::test_no_python_none_in_output[arista_eos_spine.yaml-arista_eos] PASSED [ 32%]
tests/test_template_render.py::test_no_python_none_in_output[arista_eos_gro_canary.yaml-arista_eos] PASSED [ 33%]
tests/test_template_render.py::test_hostname_present[cisco_ios_route_reflector.yaml-cisco_ios] PASSED [ 35%]
tests/test_template_render.py::test_hostname_present[cisco_ios_pe_router.yaml-cisco_ios] PASSED [ 36%]
tests/test_template_render.py::test_hostname_present[cisco_ios_ce_router.yaml-cisco_ios] PASSED [ 38%]
tests/test_template_render.py::test_hostname_present[cisco_ios_p_router.yaml-cisco_ios] PASSED [ 39%]
tests/test_template_render.py::test_hostname_present[cisco_ios_border_router.yaml-cisco_ios] PASSED [ 40%]
tests/test_template_render.py::test_hostname_present[arista_eos_leaf.yaml-arista_eos] PASSED [ 42%]
tests/test_template_render.py::test_hostname_present[arista_eos_spine.yaml-arista_eos] PASSED [ 43%]
tests/test_template_render.py::test_hostname_present[arista_eos_gro_canary.yaml-arista_eos] PASSED [ 45%]
tests/test_template_render.py::test_gro_canary_changes_only_scoped_handler PASSED [ 46%]
tests/test_template_render.py::test_gro_invalid_scope_fails_render[device-DCA-Leaf02] PASSED [ 47%]
tests/test_template_render.py::test_gro_invalid_scope_fails_render[interface_number-5; reboot] PASSED [ 49%]
tests/test_template_render.py::test_gro_invalid_scope_fails_render[interface_number-True] PASSED [ 50%]
tests/test_template_render.py::test_gro_invalid_scope_fails_render[interface_number-0] PASSED [ 52%]
tests/test_template_render.py::test_gro_invalid_scope_fails_render[interface_number-65] PASSED [ 53%]
tests/test_template_render.py::test_gro_invalid_scope_fails_render[interface_number-6] PASSED [ 54%]
tests/test_template_render.py::test_gro_invalid_scope_fails_render[gro-off; reboot] PASSED [ 56%]
tests/test_template_render.py::test_gro_rollback_actively_restores_on PASSED [ 57%]
tests/test_template_render.py::test_gro_handler_is_covered_by_active_compliance_loader PASSED [ 59%]
tests/test_config_structure.py::test_ios_no_duplicate_address_family_ipv4[cisco_ios_route_reflector.yaml-cisco_ios] PASSED [ 60%]
tests/test_config_structure.py::test_ios_no_duplicate_address_family_ipv4[cisco_ios_pe_router.yaml-cisco_ios] PASSED [ 61%]
tests/test_config_structure.py::test_ios_no_duplicate_address_family_ipv4[cisco_ios_ce_router.yaml-cisco_ios] PASSED [ 63%]
tests/test_config_structure.py::test_ios_no_duplicate_address_family_ipv4[cisco_ios_p_router.yaml-cisco_ios] PASSED [ 64%]
tests/test_config_structure.py::test_ios_no_duplicate_address_family_ipv4[cisco_ios_border_router.yaml-cisco_ios] PASSED [ 66%]
tests/test_config_structure.py::test_ios_no_per_neighbor_policy_for_peergroup_members[cisco_ios_route_reflector.yaml-cisco_ios] PASSED [ 67%]
tests/test_config_structure.py::test_ios_no_per_neighbor_policy_for_peergroup_members[cisco_ios_pe_router.yaml-cisco_ios] PASSED [ 69%]
tests/test_config_structure.py::test_ios_no_per_neighbor_policy_for_peergroup_members[cisco_ios_ce_router.yaml-cisco_ios] PASSED [ 70%]
tests/test_config_structure.py::test_ios_no_per_neighbor_policy_for_peergroup_members[cisco_ios_p_router.yaml-cisco_ios] PASSED [ 71%]
tests/test_config_structure.py::test_ios_no_per_neighbor_policy_for_peergroup_members[cisco_ios_border_router.yaml-cisco_ios] PASSED [ 73%]
tests/test_config_structure.py::test_ios_no_per_neighbor_rr_client_for_peergroup_members[cisco_ios_route_reflector.yaml-cisco_ios] PASSED [ 74%]
tests/test_config_structure.py::test_ios_no_per_neighbor_rr_client_for_peergroup_members[cisco_ios_pe_router.yaml-cisco_ios] PASSED [ 76%]
tests/test_config_structure.py::test_ios_no_per_neighbor_rr_client_for_peergroup_members[cisco_ios_ce_router.yaml-cisco_ios] PASSED [ 77%]
tests/test_config_structure.py::test_ios_no_per_neighbor_rr_client_for_peergroup_members[cisco_ios_p_router.yaml-cisco_ios] PASSED [ 78%]
tests/test_config_structure.py::test_ios_no_per_neighbor_rr_client_for_peergroup_members[cisco_ios_border_router.yaml-cisco_ios] PASSED [ 80%]
tests/test_config_structure.py::test_ios_send_community_inside_address_family[cisco_ios_route_reflector.yaml-cisco_ios] PASSED [ 81%]
tests/test_config_structure.py::test_ios_send_community_inside_address_family[cisco_ios_pe_router.yaml-cisco_ios] PASSED [ 83%]
tests/test_config_structure.py::test_ios_send_community_inside_address_family[cisco_ios_ce_router.yaml-cisco_ios] PASSED [ 84%]
tests/test_config_structure.py::test_ios_send_community_inside_address_family[cisco_ios_p_router.yaml-cisco_ios] PASSED [ 85%]
tests/test_config_structure.py::test_ios_send_community_inside_address_family[cisco_ios_border_router.yaml-cisco_ios] PASSED [ 87%]
tests/test_config_structure.py::test_eos_virtual_router_mac_before_virtual_ip[arista_eos_leaf.yaml-arista_eos] PASSED [ 88%]
tests/test_config_structure.py::test_eos_virtual_router_mac_before_virtual_ip[arista_eos_spine.yaml-arista_eos] PASSED [ 90%]
tests/test_config_structure.py::test_eos_no_duplicate_interface_vxlan1[arista_eos_leaf.yaml-arista_eos] PASSED [ 91%]
tests/test_config_structure.py::test_eos_no_duplicate_interface_vxlan1[arista_eos_spine.yaml-arista_eos] PASSED [ 92%]
tests/test_config_structure.py::test_ios_peergroup_activate_requires_members[cisco_ios_route_reflector.yaml-cisco_ios] PASSED [ 94%]
tests/test_config_structure.py::test_ios_peergroup_activate_requires_members[cisco_ios_pe_router.yaml-cisco_ios] PASSED [ 95%]
tests/test_config_structure.py::test_ios_peergroup_activate_requires_members[cisco_ios_ce_router.yaml-cisco_ios] PASSED [ 97%]
tests/test_config_structure.py::test_ios_peergroup_activate_requires_members[cisco_ios_p_router.yaml-cisco_ios] PASSED [ 98%]
tests/test_config_structure.py::test_ios_peergroup_activate_requires_members[cisco_ios_border_router.yaml-cisco_ios] PASSED [100%]

============================== 71 passed in 6.96s ==============================
make: Leaving directory '/home/ubuntu/blog-sandbox'
