j2lint golden-config/templates --extensions j2 -i jinja-statements-indentation single-statement-per-line
pytest tests/test_template_render.py tests/test_config_structure.py tests/test_transport_mtu.py -v
============================= test session starts ==============================
platform linux -- Python 3.13.3, pytest-9.1.1, pluggy-1.6.0 -- /usr/bin/python3
cachedir: .pytest_cache
rootdir: /tmp/lab-standard-jumbo
plugins: cov-4.1.0, anyio-4.14.2, typeguard-4.4.2
collecting ... collected 73 items

tests/test_template_render.py::test_template_renders_without_error[cisco_ios_route_reflector.yaml-cisco_ios] PASSED [  1%]
tests/test_template_render.py::test_template_renders_without_error[cisco_ios_pe_router.yaml-cisco_ios] PASSED [  2%]
tests/test_template_render.py::test_template_renders_without_error[cisco_ios_ce_router.yaml-cisco_ios] PASSED [  4%]
tests/test_template_render.py::test_template_renders_without_error[cisco_ios_p_router.yaml-cisco_ios] PASSED [  5%]
tests/test_template_render.py::test_template_renders_without_error[cisco_ios_border_router.yaml-cisco_ios] PASSED [  6%]
tests/test_template_render.py::test_template_renders_without_error[arista_eos_leaf.yaml-arista_eos] PASSED [  8%]
tests/test_template_render.py::test_template_renders_without_error[arista_eos_spine.yaml-arista_eos] PASSED [  9%]
tests/test_template_render.py::test_no_unrendered_jinja_syntax[cisco_ios_route_reflector.yaml-cisco_ios] PASSED [ 10%]
tests/test_template_render.py::test_no_unrendered_jinja_syntax[cisco_ios_pe_router.yaml-cisco_ios] PASSED [ 12%]
tests/test_template_render.py::test_no_unrendered_jinja_syntax[cisco_ios_ce_router.yaml-cisco_ios] PASSED [ 13%]
tests/test_template_render.py::test_no_unrendered_jinja_syntax[cisco_ios_p_router.yaml-cisco_ios] PASSED [ 15%]
tests/test_template_render.py::test_no_unrendered_jinja_syntax[cisco_ios_border_router.yaml-cisco_ios] PASSED [ 16%]
tests/test_template_render.py::test_no_unrendered_jinja_syntax[arista_eos_leaf.yaml-arista_eos] PASSED [ 17%]
tests/test_template_render.py::test_no_unrendered_jinja_syntax[arista_eos_spine.yaml-arista_eos] PASSED [ 19%]
tests/test_template_render.py::test_no_python_none_in_output[cisco_ios_route_reflector.yaml-cisco_ios] PASSED [ 20%]
tests/test_template_render.py::test_no_python_none_in_output[cisco_ios_pe_router.yaml-cisco_ios] PASSED [ 21%]
tests/test_template_render.py::test_no_python_none_in_output[cisco_ios_ce_router.yaml-cisco_ios] PASSED [ 23%]
tests/test_template_render.py::test_no_python_none_in_output[cisco_ios_p_router.yaml-cisco_ios] PASSED [ 24%]
tests/test_template_render.py::test_no_python_none_in_output[cisco_ios_border_router.yaml-cisco_ios] PASSED [ 26%]
tests/test_template_render.py::test_no_python_none_in_output[arista_eos_leaf.yaml-arista_eos] PASSED [ 27%]
tests/test_template_render.py::test_no_python_none_in_output[arista_eos_spine.yaml-arista_eos] PASSED [ 28%]
tests/test_template_render.py::test_hostname_present[cisco_ios_route_reflector.yaml-cisco_ios] PASSED [ 30%]
tests/test_template_render.py::test_hostname_present[cisco_ios_pe_router.yaml-cisco_ios] PASSED [ 31%]
tests/test_template_render.py::test_hostname_present[cisco_ios_ce_router.yaml-cisco_ios] PASSED [ 32%]
tests/test_template_render.py::test_hostname_present[cisco_ios_p_router.yaml-cisco_ios] PASSED [ 34%]
tests/test_template_render.py::test_hostname_present[cisco_ios_border_router.yaml-cisco_ios] PASSED [ 35%]
tests/test_template_render.py::test_hostname_present[arista_eos_leaf.yaml-arista_eos] PASSED [ 36%]
tests/test_template_render.py::test_hostname_present[arista_eos_spine.yaml-arista_eos] PASSED [ 38%]
tests/test_config_structure.py::test_ios_no_duplicate_address_family_ipv4[cisco_ios_route_reflector.yaml-cisco_ios] PASSED [ 39%]
tests/test_config_structure.py::test_ios_no_duplicate_address_family_ipv4[cisco_ios_pe_router.yaml-cisco_ios] PASSED [ 41%]
tests/test_config_structure.py::test_ios_no_duplicate_address_family_ipv4[cisco_ios_ce_router.yaml-cisco_ios] PASSED [ 42%]
tests/test_config_structure.py::test_ios_no_duplicate_address_family_ipv4[cisco_ios_p_router.yaml-cisco_ios] PASSED [ 43%]
tests/test_config_structure.py::test_ios_no_duplicate_address_family_ipv4[cisco_ios_border_router.yaml-cisco_ios] PASSED [ 45%]
tests/test_config_structure.py::test_ios_no_per_neighbor_policy_for_peergroup_members[cisco_ios_route_reflector.yaml-cisco_ios] PASSED [ 46%]
tests/test_config_structure.py::test_ios_no_per_neighbor_policy_for_peergroup_members[cisco_ios_pe_router.yaml-cisco_ios] PASSED [ 47%]
tests/test_config_structure.py::test_ios_no_per_neighbor_policy_for_peergroup_members[cisco_ios_ce_router.yaml-cisco_ios] PASSED [ 49%]
tests/test_config_structure.py::test_ios_no_per_neighbor_policy_for_peergroup_members[cisco_ios_p_router.yaml-cisco_ios] PASSED [ 50%]
tests/test_config_structure.py::test_ios_no_per_neighbor_policy_for_peergroup_members[cisco_ios_border_router.yaml-cisco_ios] PASSED [ 52%]
tests/test_config_structure.py::test_ios_no_per_neighbor_rr_client_for_peergroup_members[cisco_ios_route_reflector.yaml-cisco_ios] PASSED [ 53%]
tests/test_config_structure.py::test_ios_no_per_neighbor_rr_client_for_peergroup_members[cisco_ios_pe_router.yaml-cisco_ios] PASSED [ 54%]
tests/test_config_structure.py::test_ios_no_per_neighbor_rr_client_for_peergroup_members[cisco_ios_ce_router.yaml-cisco_ios] PASSED [ 56%]
tests/test_config_structure.py::test_ios_no_per_neighbor_rr_client_for_peergroup_members[cisco_ios_p_router.yaml-cisco_ios] PASSED [ 57%]
tests/test_config_structure.py::test_ios_no_per_neighbor_rr_client_for_peergroup_members[cisco_ios_border_router.yaml-cisco_ios] PASSED [ 58%]
tests/test_config_structure.py::test_ios_send_community_inside_address_family[cisco_ios_route_reflector.yaml-cisco_ios] PASSED [ 60%]
tests/test_config_structure.py::test_ios_send_community_inside_address_family[cisco_ios_pe_router.yaml-cisco_ios] PASSED [ 61%]
tests/test_config_structure.py::test_ios_send_community_inside_address_family[cisco_ios_ce_router.yaml-cisco_ios] PASSED [ 63%]
tests/test_config_structure.py::test_ios_send_community_inside_address_family[cisco_ios_p_router.yaml-cisco_ios] PASSED [ 64%]
tests/test_config_structure.py::test_ios_send_community_inside_address_family[cisco_ios_border_router.yaml-cisco_ios] PASSED [ 65%]
tests/test_config_structure.py::test_eos_virtual_router_mac_before_virtual_ip[arista_eos_leaf.yaml-arista_eos] PASSED [ 67%]
tests/test_config_structure.py::test_eos_virtual_router_mac_before_virtual_ip[arista_eos_spine.yaml-arista_eos] PASSED [ 68%]
tests/test_config_structure.py::test_eos_no_duplicate_interface_vxlan1[arista_eos_leaf.yaml-arista_eos] PASSED [ 69%]
tests/test_config_structure.py::test_eos_no_duplicate_interface_vxlan1[arista_eos_spine.yaml-arista_eos] PASSED [ 71%]
tests/test_config_structure.py::test_ios_peergroup_activate_requires_members[cisco_ios_route_reflector.yaml-cisco_ios] PASSED [ 72%]
tests/test_config_structure.py::test_ios_peergroup_activate_requires_members[cisco_ios_pe_router.yaml-cisco_ios] PASSED [ 73%]
tests/test_config_structure.py::test_ios_peergroup_activate_requires_members[cisco_ios_ce_router.yaml-cisco_ios] PASSED [ 75%]
tests/test_config_structure.py::test_ios_peergroup_activate_requires_members[cisco_ios_p_router.yaml-cisco_ios] PASSED [ 76%]
tests/test_config_structure.py::test_ios_peergroup_activate_requires_members[cisco_ios_border_router.yaml-cisco_ios] PASSED [ 78%]
tests/test_config_structure.py::test_ios_restores_enabled_ports_and_scopes_jumbo_mtu[cisco_ios_route_reflector.yaml-cisco_ios] PASSED [ 79%]
tests/test_config_structure.py::test_ios_restores_enabled_ports_and_scopes_jumbo_mtu[cisco_ios_pe_router.yaml-cisco_ios] PASSED [ 80%]
tests/test_config_structure.py::test_ios_restores_enabled_ports_and_scopes_jumbo_mtu[cisco_ios_ce_router.yaml-cisco_ios] PASSED [ 82%]
tests/test_config_structure.py::test_ios_restores_enabled_ports_and_scopes_jumbo_mtu[cisco_ios_p_router.yaml-cisco_ios] PASSED [ 83%]
tests/test_config_structure.py::test_ios_restores_enabled_ports_and_scopes_jumbo_mtu[cisco_ios_border_router.yaml-cisco_ios] PASSED [ 84%]
tests/test_config_structure.py::test_config_plan_declares_routing_before_interfaces PASSED [ 86%]
tests/test_config_structure.py::test_ios_deployment_detects_isis_prerequisite_failure PASSED [ 87%]
tests/test_config_structure.py::test_loopback_prerequisite_is_in_config_plans PASSED [ 89%]
tests/test_config_structure.py::test_standard_eos_mtu_scopes[arista_eos_leaf.yaml-arista_eos] PASSED [ 90%]
tests/test_config_structure.py::test_standard_eos_mtu_scopes[arista_eos_spine.yaml-arista_eos] PASSED [ 91%]
tests/test_config_structure.py::test_standard_mtu_budget_and_exclusions PASSED [ 93%]
tests/test_config_structure.py::test_standard_mtu_design_renders_all_devices PASSED [ 94%]
tests/test_transport_mtu.py::test_preserve_management_and_unrelated_links PASSED [ 95%]
tests/test_transport_mtu.py::test_only_selected_eve_lab_taps_expand_scope PASSED [ 97%]
tests/test_transport_mtu.py::test_eve_management_tap_does_not_raise_management_bridge PASSED [ 98%]
tests/test_transport_mtu.py::test_cml_external_veth_peer_has_transport_capacity PASSED [100%]

============================== 73 passed in 7.14s ==============================
pytest tests/test_batfish_validate.py tests/test_intended_configs.py -v
============================= test session starts ==============================
platform linux -- Python 3.13.3, pytest-9.1.1, pluggy-1.6.0 -- /usr/bin/python3
cachedir: .pytest_cache
rootdir: /tmp/lab-standard-jumbo
plugins: cov-4.1.0, anyio-4.14.2, typeguard-4.4.2
collecting ... collected 149 items

tests/test_batfish_validate.py::TestBatfishIOSValidation::test_all_ios_configs_parsed PASSED [  0%]
tests/test_batfish_validate.py::TestBatfishIOSValidation::test_no_unexpected_ios_parse_warnings PASSED [  1%]
tests/test_batfish_validate.py::TestBatfishEOSValidation::test_all_eos_configs_parsed PASSED [  2%]
tests/test_batfish_validate.py::TestBatfishEOSValidation::test_no_unexpected_eos_parse_warnings PASSED [  2%]
tests/test_batfish_validate.py::TestBatfishBGPValidation::test_bgp_session_compatibility PASSED [  3%]
tests/test_batfish_validate.py::TestBatfishBGPValidation::test_undefined_references PASSED [  4%]
tests/test_intended_configs.py::TestIntendedConfigSanity::test_config_not_empty[CE1] PASSED [  4%]
tests/test_intended_configs.py::TestIntendedConfigSanity::test_config_not_empty[DCA-Leaf01] PASSED [  5%]
tests/test_intended_configs.py::TestIntendedConfigSanity::test_config_not_empty[DCA-Leaf02] PASSED [  6%]
tests/test_intended_configs.py::TestIntendedConfigSanity::test_config_not_empty[DCA-Leaf03] PASSED [  6%]
tests/test_intended_configs.py::TestIntendedConfigSanity::test_config_not_empty[DCA-Spine01] PASSED [  7%]
tests/test_intended_configs.py::TestIntendedConfigSanity::test_config_not_empty[DCA-Spine02] PASSED [  8%]
tests/test_intended_configs.py::TestIntendedConfigSanity::test_config_not_empty[CE2] PASSED [  8%]
tests/test_intended_configs.py::TestIntendedConfigSanity::test_config_not_empty[DCB-Leaf01] PASSED [  9%]
tests/test_intended_configs.py::TestIntendedConfigSanity::test_config_not_empty[DCB-Leaf02] PASSED [ 10%]
tests/test_intended_configs.py::TestIntendedConfigSanity::test_config_not_empty[DCB-Leaf03] PASSED [ 10%]
tests/test_intended_configs.py::TestIntendedConfigSanity::test_config_not_empty[DCB-Spine01] PASSED [ 11%]
tests/test_intended_configs.py::TestIntendedConfigSanity::test_config_not_empty[DCB-Spine02] PASSED [ 12%]
tests/test_intended_configs.py::TestIntendedConfigSanity::test_config_not_empty[CE3] PASSED [ 12%]
tests/test_intended_configs.py::TestIntendedConfigSanity::test_config_not_empty[DCC-Leaf01] PASSED [ 13%]
tests/test_intended_configs.py::TestIntendedConfigSanity::test_config_not_empty[DCC-Leaf02] PASSED [ 14%]
tests/test_intended_configs.py::TestIntendedConfigSanity::test_config_not_empty[DCC-Leaf03] PASSED [ 14%]
tests/test_intended_configs.py::TestIntendedConfigSanity::test_config_not_empty[DCC-Spine01] PASSED [ 15%]
tests/test_intended_configs.py::TestIntendedConfigSanity::test_config_not_empty[DCC-Spine02] PASSED [ 16%]
tests/test_intended_configs.py::TestIntendedConfigSanity::test_config_not_empty[BORDER1] PASSED [ 16%]
tests/test_intended_configs.py::TestIntendedConfigSanity::test_config_not_empty[RR1] PASSED [ 17%]
tests/test_intended_configs.py::TestIntendedConfigSanity::test_config_not_empty[RR2] PASSED [ 18%]
tests/test_intended_configs.py::TestIntendedConfigSanity::test_config_not_empty[SP1] PASSED [ 18%]
tests/test_intended_configs.py::TestIntendedConfigSanity::test_config_not_empty[SP2] PASSED [ 19%]
tests/test_intended_configs.py::TestIntendedConfigSanity::test_config_not_empty[SP3] PASSED [ 20%]
tests/test_intended_configs.py::TestIntendedConfigSanity::test_config_not_empty[SP4] PASSED [ 20%]
tests/test_intended_configs.py::TestIntendedConfigSanity::test_config_not_empty[SPE1] PASSED [ 21%]
tests/test_intended_configs.py::TestIntendedConfigSanity::test_config_not_empty[SPE2] PASSED [ 22%]
tests/test_intended_configs.py::TestIntendedConfigSanity::test_config_not_empty[SPE3] PASSED [ 22%]
tests/test_intended_configs.py::TestIntendedConfigSanity::test_no_none_in_config[CE1] PASSED [ 23%]
tests/test_intended_configs.py::TestIntendedConfigSanity::test_no_none_in_config[DCA-Leaf01] PASSED [ 24%]
tests/test_intended_configs.py::TestIntendedConfigSanity::test_no_none_in_config[DCA-Leaf02] PASSED [ 24%]
tests/test_intended_configs.py::TestIntendedConfigSanity::test_no_none_in_config[DCA-Leaf03] PASSED [ 25%]
tests/test_intended_configs.py::TestIntendedConfigSanity::test_no_none_in_config[DCA-Spine01] PASSED [ 26%]
tests/test_intended_configs.py::TestIntendedConfigSanity::test_no_none_in_config[DCA-Spine02] PASSED [ 26%]
tests/test_intended_configs.py::TestIntendedConfigSanity::test_no_none_in_config[CE2] PASSED [ 27%]
tests/test_intended_configs.py::TestIntendedConfigSanity::test_no_none_in_config[DCB-Leaf01] PASSED [ 28%]
tests/test_intended_configs.py::TestIntendedConfigSanity::test_no_none_in_config[DCB-Leaf02] PASSED [ 28%]
tests/test_intended_configs.py::TestIntendedConfigSanity::test_no_none_in_config[DCB-Leaf03] PASSED [ 29%]
tests/test_intended_configs.py::TestIntendedConfigSanity::test_no_none_in_config[DCB-Spine01] PASSED [ 30%]
tests/test_intended_configs.py::TestIntendedConfigSanity::test_no_none_in_config[DCB-Spine02] PASSED [ 30%]
tests/test_intended_configs.py::TestIntendedConfigSanity::test_no_none_in_config[CE3] PASSED [ 31%]
tests/test_intended_configs.py::TestIntendedConfigSanity::test_no_none_in_config[DCC-Leaf01] PASSED [ 32%]
tests/test_intended_configs.py::TestIntendedConfigSanity::test_no_none_in_config[DCC-Leaf02] PASSED [ 32%]
tests/test_intended_configs.py::TestIntendedConfigSanity::test_no_none_in_config[DCC-Leaf03] PASSED [ 33%]
tests/test_intended_configs.py::TestIntendedConfigSanity::test_no_none_in_config[DCC-Spine01] PASSED [ 34%]
tests/test_intended_configs.py::TestIntendedConfigSanity::test_no_none_in_config[DCC-Spine02] PASSED [ 34%]
tests/test_intended_configs.py::TestIntendedConfigSanity::test_no_none_in_config[BORDER1] PASSED [ 35%]
tests/test_intended_configs.py::TestIntendedConfigSanity::test_no_none_in_config[RR1] PASSED [ 36%]
tests/test_intended_configs.py::TestIntendedConfigSanity::test_no_none_in_config[RR2] PASSED [ 36%]
tests/test_intended_configs.py::TestIntendedConfigSanity::test_no_none_in_config[SP1] PASSED [ 37%]
tests/test_intended_configs.py::TestIntendedConfigSanity::test_no_none_in_config[SP2] PASSED [ 38%]
tests/test_intended_configs.py::TestIntendedConfigSanity::test_no_none_in_config[SP3] PASSED [ 38%]
tests/test_intended_configs.py::TestIntendedConfigSanity::test_no_none_in_config[SP4] PASSED [ 39%]
tests/test_intended_configs.py::TestIntendedConfigSanity::test_no_none_in_config[SPE1] PASSED [ 40%]
tests/test_intended_configs.py::TestIntendedConfigSanity::test_no_none_in_config[SPE2] PASSED [ 40%]
tests/test_intended_configs.py::TestIntendedConfigSanity::test_no_none_in_config[SPE3] PASSED [ 41%]
tests/test_intended_configs.py::TestIntendedConfigSanity::test_no_jinja_artifacts[CE1] PASSED [ 42%]
tests/test_intended_configs.py::TestIntendedConfigSanity::test_no_jinja_artifacts[DCA-Leaf01] PASSED [ 42%]
tests/test_intended_configs.py::TestIntendedConfigSanity::test_no_jinja_artifacts[DCA-Leaf02] PASSED [ 43%]
tests/test_intended_configs.py::TestIntendedConfigSanity::test_no_jinja_artifacts[DCA-Leaf03] PASSED [ 44%]
tests/test_intended_configs.py::TestIntendedConfigSanity::test_no_jinja_artifacts[DCA-Spine01] PASSED [ 44%]
tests/test_intended_configs.py::TestIntendedConfigSanity::test_no_jinja_artifacts[DCA-Spine02] PASSED [ 45%]
tests/test_intended_configs.py::TestIntendedConfigSanity::test_no_jinja_artifacts[CE2] PASSED [ 46%]
tests/test_intended_configs.py::TestIntendedConfigSanity::test_no_jinja_artifacts[DCB-Leaf01] PASSED [ 46%]
tests/test_intended_configs.py::TestIntendedConfigSanity::test_no_jinja_artifacts[DCB-Leaf02] PASSED [ 47%]
tests/test_intended_configs.py::TestIntendedConfigSanity::test_no_jinja_artifacts[DCB-Leaf03] PASSED [ 48%]
tests/test_intended_configs.py::TestIntendedConfigSanity::test_no_jinja_artifacts[DCB-Spine01] PASSED [ 48%]
tests/test_intended_configs.py::TestIntendedConfigSanity::test_no_jinja_artifacts[DCB-Spine02] PASSED [ 49%]
tests/test_intended_configs.py::TestIntendedConfigSanity::test_no_jinja_artifacts[CE3] PASSED [ 50%]
tests/test_intended_configs.py::TestIntendedConfigSanity::test_no_jinja_artifacts[DCC-Leaf01] PASSED [ 51%]
tests/test_intended_configs.py::TestIntendedConfigSanity::test_no_jinja_artifacts[DCC-Leaf02] PASSED [ 51%]
tests/test_intended_configs.py::TestIntendedConfigSanity::test_no_jinja_artifacts[DCC-Leaf03] PASSED [ 52%]
tests/test_intended_configs.py::TestIntendedConfigSanity::test_no_jinja_artifacts[DCC-Spine01] PASSED [ 53%]
tests/test_intended_configs.py::TestIntendedConfigSanity::test_no_jinja_artifacts[DCC-Spine02] PASSED [ 53%]
tests/test_intended_configs.py::TestIntendedConfigSanity::test_no_jinja_artifacts[BORDER1] PASSED [ 54%]
tests/test_intended_configs.py::TestIntendedConfigSanity::test_no_jinja_artifacts[RR1] PASSED [ 55%]
tests/test_intended_configs.py::TestIntendedConfigSanity::test_no_jinja_artifacts[RR2] PASSED [ 55%]
tests/test_intended_configs.py::TestIntendedConfigSanity::test_no_jinja_artifacts[SP1] PASSED [ 56%]
tests/test_intended_configs.py::TestIntendedConfigSanity::test_no_jinja_artifacts[SP2] PASSED [ 57%]
tests/test_intended_configs.py::TestIntendedConfigSanity::test_no_jinja_artifacts[SP3] PASSED [ 57%]
tests/test_intended_configs.py::TestIntendedConfigSanity::test_no_jinja_artifacts[SP4] PASSED [ 58%]
tests/test_intended_configs.py::TestIntendedConfigSanity::test_no_jinja_artifacts[SPE1] PASSED [ 59%]
tests/test_intended_configs.py::TestIntendedConfigSanity::test_no_jinja_artifacts[SPE2] PASSED [ 59%]
tests/test_intended_configs.py::TestIntendedConfigSanity::test_no_jinja_artifacts[SPE3] PASSED [ 60%]
tests/test_intended_configs.py::TestIntendedConfigSanity::test_starts_with_hostname[CE1] PASSED [ 61%]
tests/test_intended_configs.py::TestIntendedConfigSanity::test_starts_with_hostname[DCA-Leaf01] PASSED [ 61%]
tests/test_intended_configs.py::TestIntendedConfigSanity::test_starts_with_hostname[DCA-Leaf02] PASSED [ 62%]
tests/test_intended_configs.py::TestIntendedConfigSanity::test_starts_with_hostname[DCA-Leaf03] PASSED [ 63%]
tests/test_intended_configs.py::TestIntendedConfigSanity::test_starts_with_hostname[DCA-Spine01] PASSED [ 63%]
tests/test_intended_configs.py::TestIntendedConfigSanity::test_starts_with_hostname[DCA-Spine02] PASSED [ 64%]
tests/test_intended_configs.py::TestIntendedConfigSanity::test_starts_with_hostname[CE2] PASSED [ 65%]
tests/test_intended_configs.py::TestIntendedConfigSanity::test_starts_with_hostname[DCB-Leaf01] PASSED [ 65%]
tests/test_intended_configs.py::TestIntendedConfigSanity::test_starts_with_hostname[DCB-Leaf02] PASSED [ 66%]
tests/test_intended_configs.py::TestIntendedConfigSanity::test_starts_with_hostname[DCB-Leaf03] PASSED [ 67%]
tests/test_intended_configs.py::TestIntendedConfigSanity::test_starts_with_hostname[DCB-Spine01] PASSED [ 67%]
tests/test_intended_configs.py::TestIntendedConfigSanity::test_starts_with_hostname[DCB-Spine02] PASSED [ 68%]
tests/test_intended_configs.py::TestIntendedConfigSanity::test_starts_with_hostname[CE3] PASSED [ 69%]
tests/test_intended_configs.py::TestIntendedConfigSanity::test_starts_with_hostname[DCC-Leaf01] PASSED [ 69%]
tests/test_intended_configs.py::TestIntendedConfigSanity::test_starts_with_hostname[DCC-Leaf02] PASSED [ 70%]
tests/test_intended_configs.py::TestIntendedConfigSanity::test_starts_with_hostname[DCC-Leaf03] PASSED [ 71%]
tests/test_intended_configs.py::TestIntendedConfigSanity::test_starts_with_hostname[DCC-Spine01] PASSED [ 71%]
tests/test_intended_configs.py::TestIntendedConfigSanity::test_starts_with_hostname[DCC-Spine02] PASSED [ 72%]
tests/test_intended_configs.py::TestIntendedConfigSanity::test_starts_with_hostname[BORDER1] PASSED [ 73%]
tests/test_intended_configs.py::TestIntendedConfigSanity::test_starts_with_hostname[RR1] PASSED [ 73%]
tests/test_intended_configs.py::TestIntendedConfigSanity::test_starts_with_hostname[RR2] PASSED [ 74%]
tests/test_intended_configs.py::TestIntendedConfigSanity::test_starts_with_hostname[SP1] PASSED [ 75%]
tests/test_intended_configs.py::TestIntendedConfigSanity::test_starts_with_hostname[SP2] PASSED [ 75%]
tests/test_intended_configs.py::TestIntendedConfigSanity::test_starts_with_hostname[SP3] PASSED [ 76%]
tests/test_intended_configs.py::TestIntendedConfigSanity::test_starts_with_hostname[SP4] PASSED [ 77%]
tests/test_intended_configs.py::TestIntendedConfigSanity::test_starts_with_hostname[SPE1] PASSED [ 77%]
tests/test_intended_configs.py::TestIntendedConfigSanity::test_starts_with_hostname[SPE2] PASSED [ 78%]
tests/test_intended_configs.py::TestIntendedConfigSanity::test_starts_with_hostname[SPE3] PASSED [ 79%]
tests/test_intended_configs.py::TestIntendedConfigSanity::test_ends_with_end[CE1] PASSED [ 79%]
tests/test_intended_configs.py::TestIntendedConfigSanity::test_ends_with_end[DCA-Leaf01] PASSED [ 80%]
tests/test_intended_configs.py::TestIntendedConfigSanity::test_ends_with_end[DCA-Leaf02] PASSED [ 81%]
tests/test_intended_configs.py::TestIntendedConfigSanity::test_ends_with_end[DCA-Leaf03] PASSED [ 81%]
tests/test_intended_configs.py::TestIntendedConfigSanity::test_ends_with_end[DCA-Spine01] PASSED [ 82%]
tests/test_intended_configs.py::TestIntendedConfigSanity::test_ends_with_end[DCA-Spine02] PASSED [ 83%]
tests/test_intended_configs.py::TestIntendedConfigSanity::test_ends_with_end[CE2] PASSED [ 83%]
tests/test_intended_configs.py::TestIntendedConfigSanity::test_ends_with_end[DCB-Leaf01] PASSED [ 84%]
tests/test_intended_configs.py::TestIntendedConfigSanity::test_ends_with_end[DCB-Leaf02] PASSED [ 85%]
tests/test_intended_configs.py::TestIntendedConfigSanity::test_ends_with_end[DCB-Leaf03] PASSED [ 85%]
tests/test_intended_configs.py::TestIntendedConfigSanity::test_ends_with_end[DCB-Spine01] PASSED [ 86%]
tests/test_intended_configs.py::TestIntendedConfigSanity::test_ends_with_end[DCB-Spine02] PASSED [ 87%]
tests/test_intended_configs.py::TestIntendedConfigSanity::test_ends_with_end[CE3] PASSED [ 87%]
tests/test_intended_configs.py::TestIntendedConfigSanity::test_ends_with_end[DCC-Leaf01] PASSED [ 88%]
tests/test_intended_configs.py::TestIntendedConfigSanity::test_ends_with_end[DCC-Leaf02] PASSED [ 89%]
tests/test_intended_configs.py::TestIntendedConfigSanity::test_ends_with_end[DCC-Leaf03] PASSED [ 89%]
tests/test_intended_configs.py::TestIntendedConfigSanity::test_ends_with_end[DCC-Spine01] PASSED [ 90%]
tests/test_intended_configs.py::TestIntendedConfigSanity::test_ends_with_end[DCC-Spine02] PASSED [ 91%]
tests/test_intended_configs.py::TestIntendedConfigSanity::test_ends_with_end[BORDER1] PASSED [ 91%]
tests/test_intended_configs.py::TestIntendedConfigSanity::test_ends_with_end[RR1] PASSED [ 92%]
tests/test_intended_configs.py::TestIntendedConfigSanity::test_ends_with_end[RR2] PASSED [ 93%]
tests/test_intended_configs.py::TestIntendedConfigSanity::test_ends_with_end[SP1] PASSED [ 93%]
tests/test_intended_configs.py::TestIntendedConfigSanity::test_ends_with_end[SP2] PASSED [ 94%]
tests/test_intended_configs.py::TestIntendedConfigSanity::test_ends_with_end[SP3] PASSED [ 95%]
tests/test_intended_configs.py::TestIntendedConfigSanity::test_ends_with_end[SP4] PASSED [ 95%]
tests/test_intended_configs.py::TestIntendedConfigSanity::test_ends_with_end[SPE1] PASSED [ 96%]
tests/test_intended_configs.py::TestIntendedConfigSanity::test_ends_with_end[SPE2] PASSED [ 97%]
tests/test_intended_configs.py::TestIntendedConfigSanity::test_ends_with_end[SPE3] PASSED [ 97%]
tests/test_intended_configs.py::TestIntendedConfigsBatfish::test_no_failed_parses PASSED [ 98%]
tests/test_intended_configs.py::TestIntendedConfigsBatfish::test_no_unexpected_parse_warnings PASSED [ 99%]
tests/test_intended_configs.py::TestIntendedConfigsBatfish::test_no_undefined_references_ios PASSED [100%]

=============================== warnings summary ===============================
tests/test_batfish_validate.py::TestBatfishIOSValidation::test_all_ios_configs_parsed
tests/test_batfish_validate.py::TestBatfishEOSValidation::test_all_eos_configs_parsed
tests/test_batfish_validate.py::TestBatfishBGPValidation::test_bgp_session_compatibility
tests/test_intended_configs.py::TestIntendedConfigsBatfish::test_no_failed_parses
  /home/ubuntu/.local/lib/python3.13/site-packages/_pytest/fixtures.py:1313: PytestRemovedIn10Warning: Class-scoped fixture defined as instance method is deprecated.
  Instance attributes set in this fixture will NOT be visible to test methods,
  as each test gets a new instance while the fixture runs only once per class.
  Use @classmethod decorator and set attributes on cls instead.
  See https://docs.pytest.org/en/stable/deprecations.html#class-scoped-fixture-as-instance-method
    fixturefunc = resolve_fixture_function(fixturedef, request)

-- Docs: https://docs.pytest.org/en/stable/how-to/capture-warnings.html
======================= 149 passed, 4 warnings in 3.94s ========================
