make: Entering directory '/tmp/lab-gro-rollout'
j2lint golden-config/templates --extensions j2 -i jinja-statements-indentation single-statement-per-line
pytest tests/test_template_render.py tests/test_config_structure.py -v
============================= test session starts ==============================
platform linux -- Python 3.13.3, pytest-9.1.1, pluggy-1.6.0 -- /usr/bin/python3
cachedir: .pytest_cache
rootdir: /tmp/lab-gro-rollout
plugins: cov-4.1.0, anyio-4.14.2, typeguard-4.4.2
collecting ... collected 82 items

tests/test_template_render.py::test_template_renders_without_error[cisco_ios_route_reflector.yaml-cisco_ios] PASSED [  1%]
tests/test_template_render.py::test_template_renders_without_error[cisco_ios_pe_router.yaml-cisco_ios] PASSED [  2%]
tests/test_template_render.py::test_template_renders_without_error[cisco_ios_ce_router.yaml-cisco_ios] PASSED [  3%]
tests/test_template_render.py::test_template_renders_without_error[cisco_ios_p_router.yaml-cisco_ios] PASSED [  4%]
tests/test_template_render.py::test_template_renders_without_error[cisco_ios_border_router.yaml-cisco_ios] PASSED [  6%]
tests/test_template_render.py::test_template_renders_without_error[arista_eos_leaf.yaml-arista_eos] PASSED [  7%]
tests/test_template_render.py::test_template_renders_without_error[arista_eos_spine.yaml-arista_eos] PASSED [  8%]
tests/test_template_render.py::test_template_renders_without_error[arista_eos_gro.yaml-arista_eos] PASSED [  9%]
tests/test_template_render.py::test_no_unrendered_jinja_syntax[cisco_ios_route_reflector.yaml-cisco_ios] PASSED [ 10%]
tests/test_template_render.py::test_no_unrendered_jinja_syntax[cisco_ios_pe_router.yaml-cisco_ios] PASSED [ 12%]
tests/test_template_render.py::test_no_unrendered_jinja_syntax[cisco_ios_ce_router.yaml-cisco_ios] PASSED [ 13%]
tests/test_template_render.py::test_no_unrendered_jinja_syntax[cisco_ios_p_router.yaml-cisco_ios] PASSED [ 14%]
tests/test_template_render.py::test_no_unrendered_jinja_syntax[cisco_ios_border_router.yaml-cisco_ios] PASSED [ 15%]
tests/test_template_render.py::test_no_unrendered_jinja_syntax[arista_eos_leaf.yaml-arista_eos] PASSED [ 17%]
tests/test_template_render.py::test_no_unrendered_jinja_syntax[arista_eos_spine.yaml-arista_eos] PASSED [ 18%]
tests/test_template_render.py::test_no_unrendered_jinja_syntax[arista_eos_gro.yaml-arista_eos] PASSED [ 19%]
tests/test_template_render.py::test_no_python_none_in_output[cisco_ios_route_reflector.yaml-cisco_ios] PASSED [ 20%]
tests/test_template_render.py::test_no_python_none_in_output[cisco_ios_pe_router.yaml-cisco_ios] PASSED [ 21%]
tests/test_template_render.py::test_no_python_none_in_output[cisco_ios_ce_router.yaml-cisco_ios] PASSED [ 23%]
tests/test_template_render.py::test_no_python_none_in_output[cisco_ios_p_router.yaml-cisco_ios] PASSED [ 24%]
tests/test_template_render.py::test_no_python_none_in_output[cisco_ios_border_router.yaml-cisco_ios] PASSED [ 25%]
tests/test_template_render.py::test_no_python_none_in_output[arista_eos_leaf.yaml-arista_eos] PASSED [ 26%]
tests/test_template_render.py::test_no_python_none_in_output[arista_eos_spine.yaml-arista_eos] PASSED [ 28%]
tests/test_template_render.py::test_no_python_none_in_output[arista_eos_gro.yaml-arista_eos] PASSED [ 29%]
tests/test_template_render.py::test_hostname_present[cisco_ios_route_reflector.yaml-cisco_ios] PASSED [ 30%]
tests/test_template_render.py::test_hostname_present[cisco_ios_pe_router.yaml-cisco_ios] PASSED [ 31%]
tests/test_template_render.py::test_hostname_present[cisco_ios_ce_router.yaml-cisco_ios] PASSED [ 32%]
tests/test_template_render.py::test_hostname_present[cisco_ios_p_router.yaml-cisco_ios] PASSED [ 34%]
tests/test_template_render.py::test_hostname_present[cisco_ios_border_router.yaml-cisco_ios] PASSED [ 35%]
tests/test_template_render.py::test_hostname_present[arista_eos_leaf.yaml-arista_eos] PASSED [ 36%]
tests/test_template_render.py::test_hostname_present[arista_eos_spine.yaml-arista_eos] PASSED [ 37%]
tests/test_template_render.py::test_hostname_present[arista_eos_gro.yaml-arista_eos] PASSED [ 39%]
tests/test_template_render.py::test_gro_rejects_unsafe_or_unmodeled_scope[device-DCB-Leaf01] PASSED [ 40%]
tests/test_template_render.py::test_gro_rejects_unsafe_or_unmodeled_scope[gro-off; reboot] PASSED [ 41%]
tests/test_template_render.py::test_gro_rejects_unsafe_or_unmodeled_scope[interfaces-value2] PASSED [ 42%]
tests/test_template_render.py::test_gro_rejects_unsafe_or_unmodeled_scope[interfaces-value3] PASSED [ 43%]
tests/test_template_render.py::test_gro_rejects_unsafe_or_unmodeled_scope[interfaces-value4] PASSED [ 45%]
tests/test_template_render.py::test_gro_rejects_unsafe_or_unmodeled_scope[interfaces-value5] PASSED [ 46%]
tests/test_template_render.py::test_gro_rejects_unsafe_or_unmodeled_scope[interfaces-value6] PASSED [ 47%]
tests/test_template_render.py::test_gro_rejects_unsafe_or_unmodeled_scope[interfaces-value7] PASSED [ 48%]
tests/test_template_render.py::test_gro_only_adds_handlers_and_can_restore_on PASSED [ 50%]
tests/test_config_structure.py::test_ios_no_duplicate_address_family_ipv4[cisco_ios_route_reflector.yaml-cisco_ios] PASSED [ 51%]
tests/test_config_structure.py::test_ios_no_duplicate_address_family_ipv4[cisco_ios_pe_router.yaml-cisco_ios] PASSED [ 52%]
tests/test_config_structure.py::test_ios_no_duplicate_address_family_ipv4[cisco_ios_ce_router.yaml-cisco_ios] PASSED [ 53%]
tests/test_config_structure.py::test_ios_no_duplicate_address_family_ipv4[cisco_ios_p_router.yaml-cisco_ios] PASSED [ 54%]
tests/test_config_structure.py::test_ios_no_duplicate_address_family_ipv4[cisco_ios_border_router.yaml-cisco_ios] PASSED [ 56%]
tests/test_config_structure.py::test_ios_no_per_neighbor_policy_for_peergroup_members[cisco_ios_route_reflector.yaml-cisco_ios] PASSED [ 57%]
tests/test_config_structure.py::test_ios_no_per_neighbor_policy_for_peergroup_members[cisco_ios_pe_router.yaml-cisco_ios] PASSED [ 58%]
tests/test_config_structure.py::test_ios_no_per_neighbor_policy_for_peergroup_members[cisco_ios_ce_router.yaml-cisco_ios] PASSED [ 59%]
tests/test_config_structure.py::test_ios_no_per_neighbor_policy_for_peergroup_members[cisco_ios_p_router.yaml-cisco_ios] PASSED [ 60%]
tests/test_config_structure.py::test_ios_no_per_neighbor_policy_for_peergroup_members[cisco_ios_border_router.yaml-cisco_ios] PASSED [ 62%]
tests/test_config_structure.py::test_ios_no_per_neighbor_rr_client_for_peergroup_members[cisco_ios_route_reflector.yaml-cisco_ios] PASSED [ 63%]
tests/test_config_structure.py::test_ios_no_per_neighbor_rr_client_for_peergroup_members[cisco_ios_pe_router.yaml-cisco_ios] PASSED [ 64%]
tests/test_config_structure.py::test_ios_no_per_neighbor_rr_client_for_peergroup_members[cisco_ios_ce_router.yaml-cisco_ios] PASSED [ 65%]
tests/test_config_structure.py::test_ios_no_per_neighbor_rr_client_for_peergroup_members[cisco_ios_p_router.yaml-cisco_ios] PASSED [ 67%]
tests/test_config_structure.py::test_ios_no_per_neighbor_rr_client_for_peergroup_members[cisco_ios_border_router.yaml-cisco_ios] PASSED [ 68%]
tests/test_config_structure.py::test_ios_send_community_inside_address_family[cisco_ios_route_reflector.yaml-cisco_ios] PASSED [ 69%]
tests/test_config_structure.py::test_ios_send_community_inside_address_family[cisco_ios_pe_router.yaml-cisco_ios] PASSED [ 70%]
tests/test_config_structure.py::test_ios_send_community_inside_address_family[cisco_ios_ce_router.yaml-cisco_ios] PASSED [ 71%]
tests/test_config_structure.py::test_ios_send_community_inside_address_family[cisco_ios_p_router.yaml-cisco_ios] PASSED [ 73%]
tests/test_config_structure.py::test_ios_send_community_inside_address_family[cisco_ios_border_router.yaml-cisco_ios] PASSED [ 74%]
tests/test_config_structure.py::test_eos_virtual_router_mac_before_virtual_ip[arista_eos_leaf.yaml-arista_eos] PASSED [ 75%]
tests/test_config_structure.py::test_eos_virtual_router_mac_before_virtual_ip[arista_eos_spine.yaml-arista_eos] PASSED [ 76%]
tests/test_config_structure.py::test_eos_no_duplicate_interface_vxlan1[arista_eos_leaf.yaml-arista_eos] PASSED [ 78%]
tests/test_config_structure.py::test_eos_no_duplicate_interface_vxlan1[arista_eos_spine.yaml-arista_eos] PASSED [ 79%]
tests/test_config_structure.py::test_ios_peergroup_activate_requires_members[cisco_ios_route_reflector.yaml-cisco_ios] PASSED [ 80%]
tests/test_config_structure.py::test_ios_peergroup_activate_requires_members[cisco_ios_pe_router.yaml-cisco_ios] PASSED [ 81%]
tests/test_config_structure.py::test_ios_peergroup_activate_requires_members[cisco_ios_ce_router.yaml-cisco_ios] PASSED [ 82%]
tests/test_config_structure.py::test_ios_peergroup_activate_requires_members[cisco_ios_p_router.yaml-cisco_ios] PASSED [ 84%]
tests/test_config_structure.py::test_ios_peergroup_activate_requires_members[cisco_ios_border_router.yaml-cisco_ios] PASSED [ 85%]
tests/test_config_structure.py::test_ios_restores_enabled_ports_and_scopes_jumbo_mtu[cisco_ios_route_reflector.yaml-cisco_ios] PASSED [ 86%]
tests/test_config_structure.py::test_ios_restores_enabled_ports_and_scopes_jumbo_mtu[cisco_ios_pe_router.yaml-cisco_ios] PASSED [ 87%]
tests/test_config_structure.py::test_ios_restores_enabled_ports_and_scopes_jumbo_mtu[cisco_ios_ce_router.yaml-cisco_ios] PASSED [ 89%]
tests/test_config_structure.py::test_ios_restores_enabled_ports_and_scopes_jumbo_mtu[cisco_ios_p_router.yaml-cisco_ios] PASSED [ 90%]
tests/test_config_structure.py::test_ios_restores_enabled_ports_and_scopes_jumbo_mtu[cisco_ios_border_router.yaml-cisco_ios] PASSED [ 91%]
tests/test_config_structure.py::test_config_plan_declares_routing_before_interfaces PASSED [ 92%]
tests/test_config_structure.py::test_ios_deployment_detects_isis_prerequisite_failure PASSED [ 93%]
tests/test_config_structure.py::test_loopback_prerequisite_is_in_config_plans PASSED [ 95%]
tests/test_config_structure.py::test_standard_eos_mtu_scopes[arista_eos_leaf.yaml-arista_eos] PASSED [ 96%]
tests/test_config_structure.py::test_standard_eos_mtu_scopes[arista_eos_spine.yaml-arista_eos] PASSED [ 97%]
tests/test_config_structure.py::test_standard_mtu_budget_and_exclusions PASSED [ 98%]
tests/test_config_structure.py::test_standard_mtu_design_renders_all_devices PASSED [100%]

============================== 82 passed in 8.41s ==============================
make: Leaving directory '/tmp/lab-gro-rollout'
